

================================================================
== Synthesis Summary Report of 'gaussian'
================================================================
+ General Information: 
    * Date:           Mon Mar 29 19:44:08 2021
    * Version:        2020.2 (Build 3064766 on Wed Nov 18 09:12:47 MST 2020)
    * Project:        qiita
    * Solution:       solution1 (Vivado IP Flow Target)
    * Product family: zynquplus
    * Target device:  xczu7ev-ffvc1156-2-e
    

+ Performance & Resource Estimates: 
    
    PS: '+' for module; 'o' for loop; '*' for dataflow
    +----------------+------+-------+---------+-----------+----------+---------+--------+----------+---------+----+-----------+------------+-----+
    |     Modules    | Issue|       | Latency |  Latency  | Iteration|         |  Trip  |          |         |    |           |            |     |
    |     & Loops    | Type | Slack | (cycles)|    (ns)   |  Latency | Interval|  Count | Pipelined|  BRAM   | DSP|     FF    |     LUT    | URAM|
    +----------------+------+-------+---------+-----------+----------+---------+--------+----------+---------+----+-----------+------------+-----+
    |+ gaussian      |     -|  -0.87|   262673|  2.627e+06|         -|   262674|       -|        no|  3 (~0%)|   -|  976 (~0%)|  1870 (~0%)|    -|
    | o buf_x1       |     -|  -7.30|        2|     20.000|         1|        1|       2|       yes|        -|   -|          -|           -|    -|
    | o buf_x2       |     -|  -7.30|      512|  5.120e+03|         1|        1|     512|       yes|        -|   -|          -|           -|    -|
    | o win_y_win_x  |     -|  -7.30|        5|     50.000|         2|        1|       4|       yes|        -|   -|          -|           -|    -|
    | o for_y_for_x  |     -|  -7.30|   262146|  2.621e+06|         4|        1|  262144|       yes|        -|   -|          -|           -|    -|
    +----------------+------+-------+---------+-----------+----------+---------+--------+----------+---------+----+-----------+------------+-----+

