

================================================================
== Vitis HLS Report for 'gaussian'
================================================================
* Date:           Wed Mar 31 17:51:48 2021

* Version:        2020.2 (Build 3064766 on Wed Nov 18 09:12:47 MST 2020)
* Project:        qiita
* Solution:       solution1 (Vivado IP Flow Target)
* Product family: zynquplus
* Target device:  xczu7ev-ffvc1156-2-e


================================================================
== Performance Estimates
================================================================
+ Timing: 
    * Summary: 
    +--------+----------+----------+------------+
    |  Clock |  Target  | Estimated| Uncertainty|
    +--------+----------+----------+------------+
    |ap_clk  |  10.00 ns|  6.427 ns|     2.70 ns|
    +--------+----------+----------+------------+

+ Latency: 
    * Summary: 
    +---------+---------+----------+----------+--------+--------+---------+
    |  Latency (cycles) |  Latency (absolute) |     Interval    | Pipeline|
    |   min   |   max   |    min   |    max   |   min  |   max  |   Type  |
    +---------+---------+----------+----------+--------+--------+---------+
    |   262673|   262673|  2.627 ms|  2.627 ms|  262674|  262674|     none|
    +---------+---------+----------+----------+--------+--------+---------+

    + Detail: 
        * Instance: 
        N/A

        * Loop: 
        +---------------+---------+---------+----------+-----------+-----------+--------+----------+
        |               |  Latency (cycles) | Iteration|  Initiation Interval  |  Trip  |          |
        |   Loop Name   |   min   |   max   |  Latency |  achieved |   target  |  Count | Pipelined|
        +---------------+---------+---------+----------+-----------+-----------+--------+----------+
        |- buf_x1       |        2|        2|         1|          1|          1|       2|       yes|
        |- buf_x2       |      512|      512|         1|          1|          1|     512|       yes|
        |- win_y_win_x  |        5|        5|         2|          1|          1|       4|       yes|
        |- for_y_for_x  |   262146|   262146|         4|          1|          1|  262144|       yes|
        +---------------+---------+---------+----------+-----------+-----------+--------+----------+



================================================================
== Utilization Estimates
================================================================
* Summary: 
+-----------------+---------+------+--------+--------+-----+
|       Name      | BRAM_18K|  DSP |   FF   |   LUT  | URAM|
+-----------------+---------+------+--------+--------+-----+
|DSP              |        -|     -|       -|       -|    -|
|Expression       |        -|     -|       0|    1363|    -|
|FIFO             |        -|     -|       -|       -|    -|
|Instance         |        0|     -|      36|      40|    -|
|Memory           |        3|     -|       0|       0|    -|
|Multiplexer      |        -|     -|       -|     371|    -|
|Register         |        -|     -|     937|      96|    -|
+-----------------+---------+------+--------+--------+-----+
|Total            |        3|     0|     973|    1870|    0|
+-----------------+---------+------+--------+--------+-----+
|Available        |      624|  1728|  460800|  230400|   96|
+-----------------+---------+------+--------+--------+-----+
|Utilization (%)  |       ~0|     0|      ~0|      ~0|    0|
+-----------------+---------+------+--------+--------+-----+

+ Detail: 
    * Instance: 
    +---------------------+-------------------+---------+----+----+----+-----+
    |       Instance      |       Module      | BRAM_18K| DSP| FF | LUT| URAM|
    +---------------------+-------------------+---------+----+----+----+-----+
    |CONTROL_BUS_s_axi_U  |CONTROL_BUS_s_axi  |        0|   0|  36|  40|    0|
    +---------------------+-------------------+---------+----+----+----+-----+
    |Total                |                   |        0|   0|  36|  40|    0|
    +---------------------+-------------------+---------+----+----+----+-----+

    * DSP: 
    N/A

    * Memory: 
    +-------------+-----------+---------+---+----+-----+------+-----+------+-------------+
    |    Memory   |   Module  | BRAM_18K| FF| LUT| URAM| Words| Bits| Banks| W*Bits*Banks|
    +-------------+-----------+---------+---+----+-----+------+-----+------+-------------+
    |linebuf_0_U  |linebuf_0  |        2|  0|   0|    0|   512|   32|     1|        16384|
    |linebuf_1_U  |linebuf_1  |        1|  0|   0|    0|   512|   32|     1|        16384|
    +-------------+-----------+---------+---+----+-----+------+-----+------+-------------+
    |Total        |           |        3|  0|   0|    0|  1024|   64|     2|        32768|
    +-------------+-----------+---------+---+----+-----+------+-----+------+-------------+

    * FIFO: 
    N/A

    * Expression: 
    +----------------------------------+----------+----+---+----+------------+------------+
    |           Variable Name          | Operation| DSP| FF| LUT| Bitwidth P0| Bitwidth P1|
    +----------------------------------+----------+----+---+----+------------+------------+
    |add_ln18_fu_489_p2                |         +|   0|  0|  17|          10|           1|
    |add_ln25_fu_500_p2                |         +|   0|  0|  17|          10|           1|
    |add_ln27_fu_1145_p2               |         +|   0|  0|  36|          29|           1|
    |add_ln32_1_fu_593_p2              |         +|   0|  0|   9|           2|           1|
    |add_ln32_fu_525_p2                |         +|   0|  0|  10|           3|           1|
    |add_ln33_fu_577_p2                |         +|   0|  0|   9|           2|           1|
    |add_ln35_fu_555_p2                |         +|   0|  0|  10|           3|           3|
    |add_ln47_fu_707_p2                |         +|   0|  0|  26|          19|           1|
    |add_ln55_fu_832_p2                |         +|   0|  0|  17|          10|           1|
    |add_ln56_1_fu_966_p2              |         +|   0|  0|  39|          32|          32|
    |add_ln56_2_fu_988_p2              |         +|   0|  0|  39|          32|          32|
    |add_ln56_3_fu_1013_p2             |         +|   0|  0|  39|          32|          32|
    |add_ln56_4_fu_1025_p2             |         +|   0|  0|  39|          32|          32|
    |add_ln56_5_fu_1066_p2             |         +|   0|  0|  39|          32|          32|
    |add_ln56_6_fu_1084_p2             |         +|   0|  0|  39|          32|          32|
    |add_ln56_7_fu_1109_p2             |         +|   0|  0|  39|          32|          32|
    |add_ln56_fu_943_p2                |         +|   0|  0|  39|          32|          32|
    |empty_18_fu_725_p2                |         +|   0|  0|  17|          10|           1|
    |p_mid1_fu_790_p2                  |         +|   0|  0|  17|          10|           2|
    |read_cnt_1_fu_880_p2              |         +|   0|  0|  39|          32|           1|
    |and_ln19_1_fu_961_p2              |       and|   0|  0|   2|           1|           1|
    |and_ln19_2_fu_1061_p2             |       and|   0|  0|   2|           1|           1|
    |and_ln19_fu_925_p2                |       and|   0|  0|   2|           1|           1|
    |and_ln61_fu_852_p2                |       and|   0|  0|   2|           1|           1|
    |ap_block_state11_io               |       and|   0|  0|   2|           1|           1|
    |ap_block_state12_io               |       and|   0|  0|   2|           1|           1|
    |ap_block_state2                   |       and|   0|  0|   2|           1|           1|
    |ap_block_state4                   |       and|   0|  0|   2|           1|           1|
    |ap_block_state9_pp3_stage0_iter0  |       and|   0|  0|   2|           1|           1|
    |ap_condition_260                  |       and|   0|  0|   2|           1|           1|
    |ap_predicate_op149_read_state9    |       and|   0|  0|   2|           1|           1|
    |cmp60_fu_713_p2                   |      icmp|   0|  0|  11|          10|           9|
    |cmp60_mid1_fu_762_p2              |      icmp|   0|  0|  11|          10|           9|
    |cmp_i_0_fu_719_p2                 |      icmp|   0|  0|  11|          10|           1|
    |cmp_i_0_mid1_fu_776_p2            |      icmp|   0|  0|  11|          10|           1|
    |icmp_ln18_fu_483_p2               |      icmp|   0|  0|  11|          10|          11|
    |icmp_ln19_fu_826_p2               |      icmp|   0|  0|  11|          10|           1|
    |icmp_ln25_fu_506_p2               |      icmp|   0|  0|  11|          10|          11|
    |icmp_ln32_fu_531_p2               |      icmp|   0|  0|   9|           3|           4|
    |icmp_ln33_fu_537_p2               |      icmp|   0|  0|   8|           2|           2|
    |icmp_ln35_1_fu_571_p2             |      icmp|   0|  0|   8|           2|           1|
    |icmp_ln35_2_fu_616_p2             |      icmp|   0|  0|   8|           2|           1|
    |icmp_ln35_fu_610_p2               |      icmp|   0|  0|   8|           2|           1|
    |icmp_ln47_fu_739_p2               |      icmp|   0|  0|  14|          19|          20|
    |icmp_ln48_fu_748_p2               |      icmp|   0|  0|  11|          10|          11|
    |icmp_ln61_fu_846_p2               |      icmp|   0|  0|  11|          10|           9|
    |icmp_ln66_fu_874_p2               |      icmp|   0|  0|  12|          14|           1|
    |ap_block_pp3_stage0_01001         |        or|   0|  0|   2|           1|           1|
    |ap_block_pp3_stage0_11001         |        or|   0|  0|   2|           1|           1|
    |or_ln19_fu_1096_p2                |        or|   0|  0|  10|          10|          10|
    |val_last_V_fu_858_p2              |        or|   0|  0|   2|           1|           1|
    |select_ln19_1_fu_1031_p3          |    select|   0|  0|  32|           1|          32|
    |select_ln19_fu_994_p3             |    select|   0|  0|  32|           1|          32|
    |select_ln32_1_fu_599_p3           |    select|   0|  0|   2|           1|           2|
    |select_ln32_2_fu_622_p3           |    select|   0|  0|   2|           1|           1|
    |select_ln32_fu_543_p3             |    select|   0|  0|   2|           1|           1|
    |select_ln41_1_fu_768_p3           |    select|   0|  0|   2|           1|           1|
    |select_ln41_2_fu_782_p3           |    select|   0|  0|   2|           1|           1|
    |select_ln41_3_fu_1051_p3          |    select|   0|  0|  10|           1|          10|
    |select_ln41_5_fu_804_p3           |    select|   0|  0|   2|           1|           1|
    |select_ln41_fu_754_p3             |    select|   0|  0|  10|           1|           1|
    |select_ln47_fu_812_p3             |    select|   0|  0|  10|           1|          10|
    |select_ln55_1_fu_972_p3           |    select|   0|  0|  32|           1|          32|
    |select_ln55_2_fu_1071_p3          |    select|   0|  0|  32|           1|          32|
    |select_ln55_3_fu_1115_p3          |    select|   0|  0|  32|           1|          32|
    |select_ln55_fu_929_p3             |    select|   0|  0|  32|           1|          32|
    |val_data_V_fu_1151_p3             |    select|   0|  0|  29|           1|          29|
    |val_out_1_0_1_fu_949_p3           |    select|   0|  0|  32|           1|          32|
    |val_out_1_2_1_fu_1090_p3          |    select|   0|  0|  32|           1|          32|
    |window_1_1_1_fu_629_p3            |    select|   0|  0|  32|           1|          32|
    |window_2_2_11_fu_651_p3           |    select|   0|  0|  32|           1|          32|
    |window_2_2_12_fu_658_p3           |    select|   0|  0|  32|           1|          32|
    |window_2_2_13_fu_665_p3           |    select|   0|  0|  32|           1|          32|
    |window_2_2_14_fu_673_p3           |    select|   0|  0|  32|           1|          32|
    |window_2_2_15_fu_681_p3           |    select|   0|  0|  32|           1|          32|
    |window_2_2_16_fu_689_p3           |    select|   0|  0|  32|           1|          32|
    |window_2_2_9_fu_644_p3            |    select|   0|  0|  32|           1|          32|
    |window_2_2_fu_637_p3              |    select|   0|  0|  32|           1|          32|
    |ap_enable_pp2                     |       xor|   0|  0|   2|           1|           2|
    |ap_enable_pp3                     |       xor|   0|  0|   2|           1|           2|
    |xor_ln19_fu_956_p2                |       xor|   0|  0|   2|           1|           2|
    |xor_ln41_fu_1056_p2               |       xor|   0|  0|   2|           1|           2|
    +----------------------------------+----------+----+---+----+------------+------------+
    |Total                             |          |   0|  0|1363|         585|         997|
    +----------------------------------+----------+----+---+----+------------+------------+

    * Multiplexer: 
    +----------------------------------------+----+-----------+-----+-----------+
    |                  Name                  | LUT| Input Size| Bits| Total Bits|
    +----------------------------------------+----+-----------+-----+-----------+
    |ap_NS_fsm                               |  54|         10|    1|         10|
    |ap_enable_reg_pp2_iter1                 |   9|          2|    1|          2|
    |ap_enable_reg_pp3_iter2                 |   9|          2|    1|          2|
    |ap_enable_reg_pp3_iter3                 |  14|          3|    1|          3|
    |ap_phi_mux_px_2_phi_fu_404_p4           |   9|          2|   10|         20|
    |ap_phi_mux_val_in_phi_fu_425_p4         |  14|          3|   32|         96|
    |ap_phi_mux_val_last_V_1_phi_fu_415_p4   |   9|          2|    1|          2|
    |ap_phi_mux_window_1_1_in_phi_fu_437_p4  |   9|          2|   32|         64|
    |ap_phi_mux_window_2_0_phi_fu_468_p4     |   9|          2|   32|         64|
    |ap_phi_mux_window_2_1_phi_fu_456_p4     |   9|          2|   32|         64|
    |in_strm_TDATA_blk_n                     |   9|          2|    1|          2|
    |indvar_flatten7_reg_378                 |   9|          2|   19|         38|
    |indvar_flatten_reg_309                  |   9|          2|    3|          6|
    |linebuf_0_address0                      |  20|          4|    9|         36|
    |linebuf_0_d0                            |  14|          3|   32|         96|
    |linebuf_1_address0                      |  20|          4|    9|         36|
    |linebuf_1_d0                            |  14|          3|   32|         96|
    |out_strm_TDATA_blk_n                    |   9|          2|    1|          2|
    |px_1_reg_272                            |   9|          2|   10|         20|
    |px_2_reg_400                            |   9|          2|   10|         20|
    |px_reg_261                              |   9|          2|   10|         20|
    |py_reg_389                              |   9|          2|   10|         20|
    |read_cnt_fu_172                         |   9|          2|   32|         64|
    |val_in_reg_422                          |  14|          3|   32|         96|
    |val_last_V_1_reg_411                    |   9|          2|    1|          2|
    |window_1_0_reg_444                      |   9|          2|   31|         62|
    |window_1_1_in_reg_434                   |   9|          2|   32|         64|
    |window_2_0_reg_465                      |   9|          2|   32|         64|
    |window_2_1_reg_453                      |   9|          2|   32|         64|
    |wx_reg_320                              |   9|          2|    2|          4|
    |wy_reg_331                              |   9|          2|    2|          4|
    +----------------------------------------+----+-----------+-----+-----------+
    |Total                                   | 371|         79|  485|       1143|
    +----------------------------------------+----+-----------+-----+-----------+

    * Register: 
    +--------------------------------------+----+----+-----+-----------+
    |                 Name                 | FF | LUT| Bits| Const Bits|
    +--------------------------------------+----+----+-----+-----------+
    |add_ln55_reg_1347                     |  10|   0|   10|          0|
    |add_ln55_reg_1347_pp3_iter1_reg       |  10|   0|   10|          0|
    |ap_CS_fsm                             |   9|   0|    9|          0|
    |ap_enable_reg_pp2_iter0               |   1|   0|    1|          0|
    |ap_enable_reg_pp2_iter1               |   1|   0|    1|          0|
    |ap_enable_reg_pp3_iter0               |   1|   0|    1|          0|
    |ap_enable_reg_pp3_iter1               |   1|   0|    1|          0|
    |ap_enable_reg_pp3_iter2               |   1|   0|    1|          0|
    |ap_enable_reg_pp3_iter3               |   1|   0|    1|          0|
    |empty_18_reg_1303                     |  10|   0|   10|          0|
    |empty_18_reg_1303_pp3_iter1_reg       |  10|   0|   10|          0|
    |icmp_ln19_reg_1340                    |   1|   0|    1|          0|
    |icmp_ln19_reg_1340_pp3_iter1_reg      |   1|   0|    1|          0|
    |icmp_ln32_reg_1202                    |   1|   0|    1|          0|
    |icmp_ln33_reg_1206                    |   1|   0|    1|          0|
    |icmp_ln35_1_reg_1222                  |   1|   0|    1|          0|
    |icmp_ln47_reg_1308                    |   1|   0|    1|          0|
    |icmp_ln48_reg_1312                    |   1|   0|    1|          0|
    |icmp_ln48_reg_1312_pp3_iter1_reg      |   1|   0|    1|          0|
    |indvar_flatten7_reg_378               |  19|   0|   19|          0|
    |indvar_flatten_reg_309                |   3|   0|    3|          0|
    |linebuf_0_addr_2_reg_1369             |   9|   0|    9|          0|
    |p_mid1_reg_1324                       |  10|   0|   10|          0|
    |p_mid1_reg_1324_pp3_iter1_reg         |  10|   0|   10|          0|
    |p_phi19_reg_296                       |   4|   0|    4|          0|
    |p_phi_reg_283                         |   4|   0|    4|          0|
    |px_1_reg_272                          |  10|   0|   10|          0|
    |px_2_reg_400                          |  10|   0|   10|          0|
    |px_reg_261                            |  10|   0|   10|          0|
    |py_reg_389                            |  10|   0|   10|          0|
    |read_cnt_fu_172                       |  32|   0|   32|          0|
    |select_ln19_1_reg_1385                |  32|   0|   32|          0|
    |select_ln41_2_reg_1317                |   1|   0|    1|          0|
    |select_ln41_5_reg_1329                |   1|   0|    1|          0|
    |select_ln41_5_reg_1329_pp3_iter1_reg  |   1|   0|    1|          0|
    |tmp_2_reg_1353                        |   1|   0|    1|          0|
    |trunc_ln32_reg_1235                   |  31|   0|   31|          0|
    |val_in_reg_422                        |  32|   0|   32|          0|
    |val_last_V_1_reg_411                  |   1|   0|    1|          0|
    |val_last_V_reg_1359                   |   1|   0|    1|          0|
    |window_0_0_1_fu_152                   |  32|   0|   32|          0|
    |window_0_0_fu_156                     |  32|   0|   32|          0|
    |window_0_1_fu_160                     |  32|   0|   32|          0|
    |window_1_0_1_fu_164                   |  31|   0|   31|          0|
    |window_1_0_reg_444                    |  31|   0|   31|          0|
    |window_1_1_in_reg_434                 |  32|   0|   32|          0|
    |window_1_2_1_reg_366                  |  32|   0|   32|          0|
    |window_1_2_reg_1392                   |  32|   0|   32|          0|
    |window_2_0_1_fu_168                   |  32|   0|   32|          0|
    |window_2_0_reg_465                    |  32|   0|   32|          0|
    |window_2_1_1_reg_354                  |  32|   0|   32|          0|
    |window_2_1_reg_453                    |  32|   0|   32|          0|
    |window_2_2_1_reg_342                  |  32|   0|   32|          0|
    |window_2_2_2_fu_148                   |  32|   0|   32|          0|
    |wx_reg_320                            |   2|   0|    2|          0|
    |wy_reg_331                            |   2|   0|    2|          0|
    |icmp_ln47_reg_1308                    |  64|  32|    1|          0|
    |val_in_reg_422                        |  64|  32|   32|          0|
    |val_last_V_reg_1359                   |  64|  32|    1|          0|
    +--------------------------------------+----+----+-----+-----------+
    |Total                                 | 937|  96|  779|          0|
    +--------------------------------------+----+----+-----+-----------+



================================================================
== Interface
================================================================
* Summary: 
+---------------------------+-----+-----+------------+-------------------+--------------+
|         RTL Ports         | Dir | Bits|  Protocol  |   Source Object   |    C Type    |
+---------------------------+-----+-----+------------+-------------------+--------------+
|s_axi_CONTROL_BUS_AWVALID  |   in|    1|       s_axi|        CONTROL_BUS|   return void|
|s_axi_CONTROL_BUS_AWREADY  |  out|    1|       s_axi|        CONTROL_BUS|   return void|
|s_axi_CONTROL_BUS_AWADDR   |   in|    4|       s_axi|        CONTROL_BUS|   return void|
|s_axi_CONTROL_BUS_WVALID   |   in|    1|       s_axi|        CONTROL_BUS|   return void|
|s_axi_CONTROL_BUS_WREADY   |  out|    1|       s_axi|        CONTROL_BUS|   return void|
|s_axi_CONTROL_BUS_WDATA    |   in|   32|       s_axi|        CONTROL_BUS|   return void|
|s_axi_CONTROL_BUS_WSTRB    |   in|    4|       s_axi|        CONTROL_BUS|   return void|
|s_axi_CONTROL_BUS_ARVALID  |   in|    1|       s_axi|        CONTROL_BUS|   return void|
|s_axi_CONTROL_BUS_ARREADY  |  out|    1|       s_axi|        CONTROL_BUS|   return void|
|s_axi_CONTROL_BUS_ARADDR   |   in|    4|       s_axi|        CONTROL_BUS|   return void|
|s_axi_CONTROL_BUS_RVALID   |  out|    1|       s_axi|        CONTROL_BUS|   return void|
|s_axi_CONTROL_BUS_RREADY   |   in|    1|       s_axi|        CONTROL_BUS|   return void|
|s_axi_CONTROL_BUS_RDATA    |  out|   32|       s_axi|        CONTROL_BUS|   return void|
|s_axi_CONTROL_BUS_RRESP    |  out|    2|       s_axi|        CONTROL_BUS|   return void|
|s_axi_CONTROL_BUS_BVALID   |  out|    1|       s_axi|        CONTROL_BUS|   return void|
|s_axi_CONTROL_BUS_BREADY   |   in|    1|       s_axi|        CONTROL_BUS|   return void|
|s_axi_CONTROL_BUS_BRESP    |  out|    2|       s_axi|        CONTROL_BUS|   return void|
|ap_clk                     |   in|    1|  ap_ctrl_hs|           gaussian|  return value|
|ap_rst_n                   |   in|    1|  ap_ctrl_hs|           gaussian|  return value|
|interrupt                  |  out|    1|  ap_ctrl_hs|           gaussian|  return value|
|in_strm_TDATA              |   in|   32|        axis|   in_strm_V_data_V|       pointer|
|in_strm_TVALID             |   in|    1|        axis|   in_strm_V_last_V|       pointer|
|in_strm_TREADY             |  out|    1|        axis|   in_strm_V_last_V|       pointer|
|in_strm_TLAST              |   in|    1|        axis|   in_strm_V_last_V|       pointer|
|in_strm_TKEEP              |   in|    4|        axis|   in_strm_V_keep_V|       pointer|
|in_strm_TSTRB              |   in|    4|        axis|   in_strm_V_strb_V|       pointer|
|out_strm_TDATA             |  out|   32|        axis|  out_strm_V_data_V|       pointer|
|out_strm_TVALID            |  out|    1|        axis|  out_strm_V_last_V|       pointer|
|out_strm_TREADY            |   in|    1|        axis|  out_strm_V_last_V|       pointer|
|out_strm_TLAST             |  out|    1|        axis|  out_strm_V_last_V|       pointer|
|out_strm_TKEEP             |  out|    4|        axis|  out_strm_V_keep_V|       pointer|
|out_strm_TSTRB             |  out|    4|        axis|  out_strm_V_strb_V|       pointer|
+---------------------------+-----+-----+------------+-------------------+--------------+

